[kabochan.blog.jp/archives/52722073.html]
[backblue.gif]
[fade.gif]
[index.html]
[livedoor.blogimg.jp/kabosu112/imgs/e/1/e1ab9273.png]
[parts.blog.livedoor.jp/css/templatec855.css]
[parts.blog.livedoor.jp/css/comment2/heartdce0.css]
[parts.blog.livedoor.jp/css/comment2/icondce0.css]
[kabochan.blog.jp/site222a.css]
[parts.blog.livedoor.jp/js/jquery-3.7.1.min.js]
[parts.blog.livedoor.jp/js/emoji.js]
[parts.blog.livedoor.jp/js/misc00ad.js]
[parts.blog.livedoor.jp/js/usr/import.js]
[pagead2.googlesyndication.com/pagead/js/f1d68.txt]
[cdp.livedoor.com/clientf90f.js]
[cpt.geniee.jp/hb/v1/217147/818/wrapper.min.js]
[parts.blog.livedoor.jp/js/c2f0de.js]
[parts.blog.livedoor.jp/js/smartphoneb0f0.js]
[kabochan.blog.jp/settings/ad.js]
[kabochan.blog.jp/archives/10685498.13.delayed]
[kabochan.blog.jp/archives/11082791.html]
[kabochan.blog.jp/archives/10685498.html]
[kabochan.blog.jp/archives/11094514.17.delayed]
[kabochan.blog.jp/archives/11082791.html]
[kabochan.blog.jp/archives/11094514.html]
[livedoor.blogimg.jp/kabosu112/imgs/b/f/bf02cfd2.jpg]
[livedoor.blogimg.jp/kabosu112/imgs/b/f/bf02cfd2-s.jpg]
[livedoor.blogimg.jp/kabosu112/imgs/4/0/400cc33f.jpg]
[livedoor.blogimg.jp/kabosu112/imgs/4/0/400cc33f-s.jpg]
[livedoor.blogimg.jp/kabosu112/imgs/0/9/098f2fe5.jpg]
[livedoor.blogimg.jp/kabosu112/imgs/0/9/098f2fe5-s.jpg]
[livedoor.blogimg.jp/kabosu112/imgs/a/7/a789bab5-s.jpg]
[livedoor.blogimg.jp/kabosu112/imgs/c/7/c7ee3fa4.jpg]
[livedoor.blogimg.jp/kabosu112/imgs/c/7/c7ee3fa4-s.jpg]
[livedoor.blogimg.jp/kabosu112/imgs/7/f/7f346a9e.jpg]
[livedoor.blogimg.jp/kabosu112/imgs/7/f/7f346a9e-s.jpg]
[livedoor.blogimg.jp/kabosu112/imgs/b/5/b587243e.jpg]
[livedoor.blogimg.jp/kabosu112/imgs/b/5/b587243e-s.jpg]
[livedoor.blogimg.jp/kabosu112/imgs/d/7/d75edc32-s.jpg]
[livedoor.blogimg.jp/kabosu112/imgs/6/4/644d689c.jpg]
[livedoor.blogimg.jp/kabosu112/imgs/6/4/644d689c-s.jpg]
[livedoor.blogimg.jp/kabosu112/imgs/b/9/b9af91c5.jpg]
[livedoor.blogimg.jp/kabosu112/imgs/9/6/9634b427.png]
[livedoor.blogimg.jp/kabosu112/imgs/c/6/c623e86c.png]
[livedoor.blogimg.jp/kabosu112/imgs/c/6/c623e86c-s.png]
[livedoor.blogimg.jp/kabosu112/imgs/b/9/b9245bbe.png]
[livedoor.blogimg.jp/kabosu112/imgs/b/9/b9245bbe-s.png]
[livedoor.blogimg.jp/kabosu112/imgs/3/8/38a87ed5.jpg]
[scdn.line-apps.com/n/line_add_friends/btn/ja.png]
[blog-imgs-171.fc2.com/r/i/n/ringotosanta/20241004225022d9c.png]
[livedoor.blogimg.jp/kabosu112/imgs/c/2/c22caf77.jpg]
[parts.blog.livedoor.jp/img/usr/cmn/btn_add_ldapp.png]
[parts.blog.livedoor.jp/js/related_articles5b30.js]
[kabochan.blog.jp/archives/cat_315740.html]
[d.line-scdn.net/r/web/social-plugin/js/thirdparty/loader.min.js]
[platform.twitter.com/widgets.js]
[kabochan.blog.jp/archives/52693639.html]
[parts.blog.livedoor.jp/js/comment.0.2dc01.js]
[parts.blog.livedoor.jp/js/misc7edb.js]
[parts.blog.livedoor.jp/js/anime.min4478.js]
[parts.blog.livedoor.jp/js/comment2/heart_animation4478.js]
[kabochan.blog.jp/images/profile_ph.jpg]
[kabochan.blog.jp/images/ico_fb.png]
[kabochan.blog.jp/images/ico_tw.png]
[kabochan.blog.jp/images/ico_insta.png]
[kabochan.blog.jp/images/ico_line.png]
[kabochan.blog.jp/images/profile_kabosu.png]
[kabochan.blog.jp/images/profile_tutuji.png]
[kabochan.blog.jp/images/profile_ginnan.png]
[kabochan.blog.jp/images/profile_onigiri.png]
[kabochan.blog.jp/images/img_book01.png]
[kabochan.blog.jp/images/img_book02.png]
[resize.blogsys.jp/26233e1fc8f60b0e76a8d3dd7eb573d6124babf2/crop8/120x120/https_/livedoor.blogimg.jp/kabosu112/imgs/5/b/5b0e40f7-s.jpg]
[resize.blogsys.jp/881a5fc535d96e8968076c9a983f74387cde2a01/crop8/120x120/https_/livedoor.blogimg.jp/kabosu112/imgs/7/b/7b40de7c-s.jpg]
[kabochan.blog.jp/archives/52682921.html]
[resize.blogsys.jp/df6e9aa889274de2e1271373973c7489fdcfac84/crop8/120x120/https_/livedoor.blogimg.jp/kabosu112/imgs/c/6/c623e86c-s.jpg]
[parts.blog.livedoor.jp/plugin/popular_articles_with_image_plugin4c66.js]
[kabochan.blog.jp/archives/cat_315733.html]
[kabochan.blog.jp/archives/cat_315757.html]
[kabochan.blog.jp/archives/cat_315761.html]
[kabochan.blog.jp/archives/cat_316035.html]
[kabochan.blog.jp/archives/cat_499476.html]
[kabochan.blog.jp/archives/cat_545683.html]
[kabochan.blog.jp/archives/cat_315738.html]
[kabochan.blog.jp/archives/cat_315748.html]
[kabochan.blog.jp/archives/cat_315741.html]
[kabochan.blog.jp/archives/cat_315742.html]
[kabochan.blog.jp/archives/cat_315743.html]
[kabochan.blog.jp/archives/cat_315744.html]
[kabochan.blog.jp/archives/cat_315747.html]
[kabochan.blog.jp/archives/cat_395451.html]
[kabochan.blog.jp/archives/cat_315750.html]
[kabochan.blog.jp/archives/cat_315753.html]
[kabochan.blog.jp/archives/cat_482700.html]
[kabochan.blog.jp/archives/cat_315756.html]
[kabochan.blog.jp/archives/cat_315752.html]
[kabochan.blog.jp/archives/cat_315762.html]
[kabochan.blog.jp/archives/cat_315764.html]
[kabochan.blog.jp/archives/cat_316461.html]
[kabochan.blog.jp/archives/cat_362598.html]
[kabochan.blog.jp/archives/cat_417417.html]
[kabochan.blog.jp/archives/cat_438627.html]
[kabochan.blog.jp/archives/cat_447744.html]
[kabochan.blog.jp/archives/cat_462168.html]
[kabochan.blog.jp/archives/cat_315737.html]
[kabochan.blog.jp/archives/cat_386993.html]
[kabochan.blog.jp/archives/cat_483579.html]
[kabochan.blog.jp/archives/cat_487967.html]
[kabochan.blog.jp/archives/cat_506350.html]
[kabochan.blog.jp/archives/cat_508688.html]
[kabochan.blog.jp/archives/cat_512943.html]
[kabochan.blog.jp/archives/cat_516511.html]
[kabochan.blog.jp/archives/cat_524454.html]
[kabochan.blog.jp/archives/cat_525815.html]
[kabochan.blog.jp/archives/cat_315749.html]
[kabochan.blog.jp/archives/cat_315736.html]
[kabochan.blog.jp/archives/cat_504883.html]
[kabochan.blog.jp/archives/cat_315759.html]
[kabochan.blog.jp/archives/cat_315746.html]
[kabochan.blog.jp/archives/cat_510790.html]
[kabochan.blog.jp/archives/cat_525816.html]
[kabochan.blog.jp/archives/cat_351641.html]
[kabochan.blog.jp/archives/cat_425309.html]
[kabochan.blog.jp/archives/cat_441067.html]
[kabochan.blog.jp/archives/cat_457941.html]
[kabochan.blog.jp/archives/cat_480460.html]
[kabochan.blog.jp/archives/cat_505845.html]
[kabochan.blog.jp/archives/cat_511289.html]
[kabochan.blog.jp/archives/cat_513870.html]
[kabochan.blog.jp/archives/cat_497230.html]
[kabochan.blog.jp/archives/cat_513810.html]
[kabochan.blog.jp/archives/cat_517524.html]
[kabochan.blog.jp/archives/cat_517890.html]
[kabochan.blog.jp/archives/cat_519061.html]
[kabochan.blog.jp/archives/cat_535127.html]
[kabochan.blog.jp/archives/cat_536601.html]
[kabochan.blog.jp/archives/cat_537144.html]
[kabochan.blog.jp/archives/cat_525817.html]
[kabochan.blog.jp/archives/cat_487126.html]
[kabochan.blog.jp/archives/cat_521804.html]
[kabochan.blog.jp/archives/cat_510313.html]
[kabochan.blog.jp/archives/cat_483530.html]
[kabochan.blog.jp/archives/cat_316460.html]
[kabochan.blog.jp/archives/cat_530629.html]
[kabochan.blog.jp/archives/cat_525818.html]
[kabochan.blog.jp/archives/cat_315758.html]
[kabochan.blog.jp/archives/cat_315765.html]
[kabochan.blog.jp/archives/cat_316036.html]
[kabochan.blog.jp/archives/cat_316037.html]
[kabochan.blog.jp/archives/cat_316038.html]
[kabochan.blog.jp/archives/cat_316462.html]
[kabochan.blog.jp/archives/cat_473161.html]
[kabochan.blog.jp/archives/cat_502681.html]
[kabochan.blog.jp/archives/cat_517129.html]
[kabochan.blog.jp/archives/cat_315763.html]
[kabochan.blog.jp/archives/cat_527420.html]
[kabochan.blog.jp/archives/cat_525819.html]
[kabochan.blog.jp/archives/cat_315735.html]
[kabochan.blog.jp/archives/cat_315755.html]
[kabochan.blog.jp/archives/cat_315754.html]
[kabochan.blog.jp/archives/cat_391124.html]
[kabochan.blog.jp/archives/cat_316033.html]
[kabochan.blog.jp/archives/cat_531322.html]
[kabochan.blog.jp/archives/cat_530715.html]
[kabochan.blog.jp/archives/cat_525821.html]
[kabochan.blog.jp/archives/cat_515947.html]
[kabochan.blog.jp/archives/cat_517694.html]
[kabochan.blog.jp/archives/cat_510182.html]
[kabochan.blog.jp/archives/cat_525822.html]
[kabochan.blog.jp/archives/cat_315734.html]
[kabochan.blog.jp/archives/cat_315745.html]
[kabochan.blog.jp/archives/cat_315739.html]
[kabochan.blog.jp/archives/cat_315751.html]
[kabochan.blog.jp/archives/cat_525823.html]
[kabochan.blog.jp/archives/cat_527795.html]
[kabochan.blog.jp/archives/cat_528324.html]
[kabochan.blog.jp/archives/cat_529143.html]
[kabochan.blog.jp/archives/cat_538316.html]
[kabochan.blog.jp/archives/cat_538413.html]
[kabochan.blog.jp/archives/cat_538840.html]
[kabochan.blog.jp/archives/cat_538988.html]
[kabochan.blog.jp/archives/cat_540297.html]
[kabochan.blog.jp/archives/cat_541099.html]
[kabochan.blog.jp/archives/cat_541791.html]
[kabochan.blog.jp/archives/cat_542898.html]
[kabochan.blog.jp/archives/cat_543687.html]
[kabochan.blog.jp/archives/cat_545819.html]
[kabochan.blog.jp/archives/cat_546072.html]
[parts.blog.livedoor.jp/plugin/ldblog_categorize_foldable_pluginec92.js]
[kabochan.blog.jp/archives/2024-10.html]
[kabochan.blog.jp/archives/2024-09.html]
[kabochan.blog.jp/archives/2024-08.html]
[kabochan.blog.jp/archives/2024-07.html]
[kabochan.blog.jp/archives/2024-06.html]
[kabochan.blog.jp/archives/2024-05.html]
[kabochan.blog.jp/archives/2024-04.html]
[kabochan.blog.jp/archives/2024-03.html]
[kabochan.blog.jp/archives/2024-02.html]
[kabochan.blog.jp/archives/2024-01.html]
[kabochan.blog.jp/archives/2023-12.html]
[kabochan.blog.jp/archives/2023-11.html]
[kabochan.blog.jp/archives/2023-10.html]
[kabochan.blog.jp/archives/2023-09.html]
[kabochan.blog.jp/archives/2023-08.html]
[kabochan.blog.jp/archives/2023-07.html]
[kabochan.blog.jp/archives/2023-06.html]
[kabochan.blog.jp/archives/2023-05.html]
[kabochan.blog.jp/archives/2023-04.html]
[kabochan.blog.jp/archives/2023-03.html]
[kabochan.blog.jp/archives/2023-02.html]
[kabochan.blog.jp/archives/2023-01.html]
[kabochan.blog.jp/archives/2022-12.html]
[kabochan.blog.jp/archives/2022-11.html]
[kabochan.blog.jp/archives/2022-10.html]
[kabochan.blog.jp/archives/2022-09.html]
[kabochan.blog.jp/archives/2022-08.html]
[kabochan.blog.jp/archives/2022-07.html]
[kabochan.blog.jp/archives/2022-06.html]
[kabochan.blog.jp/archives/2022-05.html]
[kabochan.blog.jp/archives/2022-04.html]
[kabochan.blog.jp/archives/2022-03.html]
[kabochan.blog.jp/archives/2022-02.html]
[kabochan.blog.jp/archives/2022-01.html]
[kabochan.blog.jp/archives/2021-12.html]
[kabochan.blog.jp/archives/2021-11.html]
[kabochan.blog.jp/archives/2021-10.html]
[kabochan.blog.jp/archives/2021-09.html]
[kabochan.blog.jp/archives/2021-08.html]
[kabochan.blog.jp/archives/2021-07.html]
[kabochan.blog.jp/archives/2021-06.html]
[kabochan.blog.jp/archives/2021-05.html]
[kabochan.blog.jp/archives/2021-04.html]
[kabochan.blog.jp/archives/2021-03.html]
[kabochan.blog.jp/archives/2021-02.html]
[kabochan.blog.jp/archives/2021-01.html]
[kabochan.blog.jp/archives/2020-12.html]
[kabochan.blog.jp/archives/2020-11.html]
[kabochan.blog.jp/archives/2020-10.html]
[kabochan.blog.jp/archives/2020-09.html]
[kabochan.blog.jp/archives/2020-08.html]
[kabochan.blog.jp/archives/2020-07.html]
[kabochan.blog.jp/archives/2020-06.html]
[kabochan.blog.jp/archives/2020-05.html]
[kabochan.blog.jp/archives/2020-04.html]
[kabochan.blog.jp/archives/2020-03.html]
[kabochan.blog.jp/archives/2020-02.html]
[kabochan.blog.jp/archives/2020-01.html]
[kabochan.blog.jp/archives/2019-12.html]
[kabochan.blog.jp/archives/2019-11.html]
[kabochan.blog.jp/archives/2019-10.html]
[kabochan.blog.jp/archives/2019-09.html]
[kabochan.blog.jp/archives/2019-08.html]
[kabochan.blog.jp/archives/2019-07.html]
[kabochan.blog.jp/archives/2019-06.html]
[kabochan.blog.jp/archives/2019-05.html]
[kabochan.blog.jp/archives/2019-04.html]
[kabochan.blog.jp/archives/2019-03.html]
[kabochan.blog.jp/archives/2019-02.html]
[kabochan.blog.jp/archives/2019-01.html]
[kabochan.blog.jp/archives/2018-12.html]
[kabochan.blog.jp/archives/2018-11.html]
[kabochan.blog.jp/archives/2018-10.html]
[kabochan.blog.jp/archives/2018-09.html]
[kabochan.blog.jp/archives/2018-08.html]
[kabochan.blog.jp/archives/2018-07.html]
[kabochan.blog.jp/archives/2018-06.html]
[kabochan.blog.jp/archives/2018-05.html]
[kabochan.blog.jp/archives/2018-04.html]
[kabochan.blog.jp/archives/2018-03.html]
[kabochan.blog.jp/archives/2018-02.html]
[kabochan.blog.jp/archives/2018-01.html]
[kabochan.blog.jp/archives/2017-12.html]
[kabochan.blog.jp/archives/2017-11.html]
[kabochan.blog.jp/archives/2017-10.html]
[kabochan.blog.jp/archives/2017-09.html]
[kabochan.blog.jp/archives/2017-08.html]
[kabochan.blog.jp/archives/2017-07.html]
[kabochan.blog.jp/archives/2017-06.html]
[kabochan.blog.jp/archives/2017-05.html]
[kabochan.blog.jp/archives/2017-04.html]
[kabochan.blog.jp/archives/2017-03.html]
[kabochan.blog.jp/archives/2017-02.html]
[kabochan.blog.jp/archives/2017-01.html]
[kabochan.blog.jp/archives/2016-12.html]
[kabochan.blog.jp/archives/2016-11.html]
[kabochan.blog.jp/archives/2016-10.html]
[kabochan.blog.jp/archives/2016-09.html]
[kabochan.blog.jp/archives/2016-08.html]
[kabochan.blog.jp/archives/2016-07.html]
[kabochan.blog.jp/archives/2016-06.html]
[kabochan.blog.jp/archives/2016-05.html]
[kabochan.blog.jp/archives/2016-04.html]
[kabochan.blog.jp/archives/2016-03.html]
[kabochan.blog.jp/archives/2016-02.html]
[kabochan.blog.jp/archives/2016-01.html]
[kabochan.blog.jp/archives/2015-12.html]
[kabochan.blog.jp/archives/2015-11.html]
[kabochan.blog.jp/archives/2015-10.html]
[kabochan.blog.jp/archives/2015-09.html]
[kabochan.blog.jp/archives/2015-08.html]
[kabochan.blog.jp/archives/2015-07.html]
[kabochan.blog.jp/archives/2015-06.html]
[kabochan.blog.jp/archives/2015-05.html]
[kabochan.blog.jp/archives/2015-04.html]
[kabochan.blog.jp/archives/2015-03.html]
[kabochan.blog.jp/archives/2015-02.html]
[kabochan.blog.jp/archives/2015-01.html]
[kabochan.blog.jp/archives/2014-12.html]
[kabochan.blog.jp/archives/2014-11.html]
[kabochan.blog.jp/archives/2014-10.html]
[kabochan.blog.jp/archives/2014-09.html]
[kabochan.blog.jp/archives/2014-08.html]
[kabochan.blog.jp/archives/2014-07.html]
[kabochan.blog.jp/archives/2014-06.html]
[kabochan.blog.jp/archives/2014-05.html]
[kabochan.blog.jp/archives/2014-04.html]
[kabochan.blog.jp/archives/2014-03.html]
[kabochan.blog.jp/archives/2014-02.html]
[kabochan.blog.jp/archives/2014-01.html]
[kabochan.blog.jp/archives/2013-12.html]
[kabochan.blog.jp/archives/2013-11.html]
[kabochan.blog.jp/archives/2013-10.html]
[kabochan.blog.jp/archives/2013-09.html]
[kabochan.blog.jp/archives/2013-08.html]
[kabochan.blog.jp/archives/2013-07.html]
[kabochan.blog.jp/archives/2013-06.html]
[kabochan.blog.jp/archives/2013-05.html]
[kabochan.blog.jp/archives/2013-04.html]
[kabochan.blog.jp/archives/2013-03.html]
[kabochan.blog.jp/archives/2013-02.html]
[kabochan.blog.jp/archives/2013-01.html]
[kabochan.blog.jp/archives/2012-12.html]
[kabochan.blog.jp/archives/2012-11.html]
[kabochan.blog.jp/archives/2012-10.html]
[kabochan.blog.jp/archives/2012-09.html]
[kabochan.blog.jp/archives/2012-08.html]
[kabochan.blog.jp/archives/2012-07.html]
[kabochan.blog.jp/archives/2012-06.html]
[kabochan.blog.jp/archives/2012-05.html]
[kabochan.blog.jp/archives/2012-04.html]
[kabochan.blog.jp/archives/2012-03.html]
[kabochan.blog.jp/archives/2012-02.html]
[kabochan.blog.jp/archives/2012-01.html]
[kabochan.blog.jp/archives/2011-12.html]
[kabochan.blog.jp/archives/2011-11.html]
[kabochan.blog.jp/archives/2011-10.html]
[kabochan.blog.jp/archives/2011-09.html]
[kabochan.blog.jp/archives/2011-08.html]
[kabochan.blog.jp/archives/2011-07.html]
[kabochan.blog.jp/archives/2011-06.html]
[kabochan.blog.jp/archives/2011-05.html]
[kabochan.blog.jp/archives/2011-04.html]
[kabochan.blog.jp/archives/2011-03.html]
[kabochan.blog.jp/archives/2011-02.html]
[kabochan.blog.jp/archives/2011-01.html]
[kabochan.blog.jp/archives/2010-12.html]
[kabochan.blog.jp/archives/2010-11.html]
[kabochan.blog.jp/archives/2010-10.html]
[kabochan.blog.jp/archives/2010-09.html]
[kabochan.blog.jp/archives/2010-08.html]
[kabochan.blog.jp/archives/2010-07.html]
[kabochan.blog.jp/archives/2010-06.html]
[kabochan.blog.jp/archives/2010-05.html]
[kabochan.blog.jp/archives/2010-04.html]
[kabochan.blog.jp/archives/2010-03.html]
[kabochan.blog.jp/archives/2010-02.html]
[kabochan.blog.jp/archives/2010-01.html]
[kabochan.blog.jp/archives/2009-12.html]
[kabochan.blog.jp/archives/2009-11.html]
[kabochan.blog.jp/archives/2009-10.html]
[kabochan.blog.jp/archives/2009-09.html]
[kabochan.blog.jp/archives/2009-08.html]
[kabochan.blog.jp/archives/2009-07.html]
[parts.blog.livedoor.jp/plugin/ldblog_monthly_plugin.js]
[kabochan.blog.jp/archives/2009-06.html]
[blogparts.blogmura.com/js/parts_view.js]
[ajax.googleapis.com/ajax/libs/jquery/1.11.3/jquery.min.js]
[t.blog.livedoor.jp/u.js]
[t.blog.livedoor.jp/u.gif]
[pdn.adingo.jp/p.js]
[kabochan.blog.jp/archives/52722073.html]
[www.googletagmanager.com/gtm5445.html]
[parts.blog.livedoor.jp/css/templatec855.css]
[parts.blog.livedoor.jp/css/comment2/heartdce0.css]
[parts.blog.livedoor.jp/css/comment2/icondce0.css]
[parts.blog.livedoor.jp/css/template_6thgen.css]
[kabochan.blog.jp/images/bg_body.png]
[kabochan.blog.jp/images/title_header.png]
[kabochan.blog.jp/images/noimage.png]
[kabochan.blog.jp/images/btn_next.png]
[kabochan.blog.jp/images/ico_pager_prev.png]
[kabochan.blog.jp/images/ico_pager_next.png]
[kabochan.blog.jp/images/ico_pager_first.png]
[kabochan.blog.jp/images/ico_pager_last.png]
[kabochan.blog.jp/images/ico_kabo.png]
[kabochan.blog.jp/images/ico_search.png]
[kabochan.blog.jp/images/bg_cate.png]
[kabochan.blog.jp/site222a.css]
[kabochan.blog.jp/settings/header13d7.js]
[parts.blog.livedoor.jp/img/emoji/3/palette.html]
[livedoor.blogimg.jp/kabosu112/imgs/b/4/b469333f.jpg]
[livedoor.blogimg.jp/kabosu112/imgs/b/4/b469333f-s.jpg]
[livedoor.blogimg.jp/kabosu112/imgs/3/0/30dd315c.jpg]
[livedoor.blogimg.jp/kabosu112/imgs/6/f/6fbe23ab.jpg]
[livedoor.blogimg.jp/kabosu112/imgs/4/f/4f71444d.jpg]
[livedoor.blogimg.jp/kabosu112/imgs/4/f/4f71444d-s.jpg]
[livedoor.blogimg.jp/kabosu112/imgs/5/9/5911d5b9.jpg]
[livedoor.blogimg.jp/kabosu112/imgs/7/9/798e58f4.jpg]
[livedoor.blogimg.jp/kabosu112/imgs/7/9/798e58f4-s.jpg]
[livedoor.blogimg.jp/kabosu112/imgs/9/1/91a89389.jpg]
[livedoor.blogimg.jp/kabosu112/imgs/7/6/76da0736.jpg]
[livedoor.blogimg.jp/kabosu112/imgs/7/6/76da0736-s.jpg]
[livedoor.blogimg.jp/kabosu112/imgs/5/6/5678293a.jpg]
[livedoor.blogimg.jp/kabosu112/imgs/1/6/16220bdc.jpg]
[livedoor.blogimg.jp/kabosu112/imgs/e/0/e01fb1d7.jpg]
[livedoor.blogimg.jp/kabosu112/imgs/e/0/e01fb1d7-s.jpg]
[livedoor.blogimg.jp/kabosu112/imgs/f/9/f972d093.jpg]
[livedoor.blogimg.jp/kabosu112/imgs/f/9/f972d093-s.jpg]
[livedoor.blogimg.jp/kabosu112/imgs/d/e/de3f24ea.jpg]
[livedoor.blogimg.jp/kabosu112/imgs/d/e/de3f24ea-s.jpg]
[livedoor.blogimg.jp/kabosu112/imgs/3/6/364a79b9.jpg]
[livedoor.blogimg.jp/kabosu112/imgs/3/6/364a79b9-s.jpg]
[livedoor.blogimg.jp/kabosu112/imgs/3/c/3cf37653.jpg]
[livedoor.blogimg.jp/kabosu112/imgs/3/c/3cf37653-s.jpg]
[livedoor.blogimg.jp/kabosu112/imgs/a/4/a4bb4051.jpg]
[livedoor.blogimg.jp/kabosu112/imgs/a/4/a4bb4051-s.jpg]
[kabochan.blog.jp/archives/11011449.html]
[kabochan.blog.jp/archives/10685498.html]
[parts.blog.livedoor.jp/js/comment_loop9900.js]
[livedoor.blogimg.jp/kabosu112/imgs/0/1/0190d419.jpg]
[livedoor.blogimg.jp/kabosu112/imgs/2/1/21711aa1.jpg]
[livedoor.blogimg.jp/kabosu112/imgs/3/0/305cdbc2.jpg]
[livedoor.blogimg.jp/kabosu112/imgs/3/d/3d7b035e.jpg]
[livedoor.blogimg.jp/kabosu112/imgs/b/d/bd8a2cd8.jpg]
[livedoor.blogimg.jp/kabosu112/imgs/f/8/f881ddd0.jpg]
[livedoor.blogimg.jp/kabosu112/imgs/6/b/6b43e67b.jpg]
[livedoor.blogimg.jp/kabosu112/imgs/b/9/b9e26e52.jpg]
[livedoor.blogimg.jp/kabosu112/imgs/7/b/7bad4394.jpg]
[livedoor.blogimg.jp/kabosu112/imgs/6/c/6c4f2725.jpg]
[livedoor.blogimg.jp/kabosu112/imgs/4/a/4a1b7544.jpg]
[livedoor.blogimg.jp/kabosu112/imgs/7/5/759dfdab.jpg]
[livedoor.blogimg.jp/kabosu112/imgs/4/9/49eda996.jpg]
[livedoor.blogimg.jp/kabosu112/imgs/2/c/2cc97d92.jpg]
[livedoor.blogimg.jp/kabosu112/imgs/5/0/508da7c0.jpg]
[livedoor.blogimg.jp/kabosu112/imgs/3/2/32260d4e.jpg]
[livedoor.blogimg.jp/kabosu112/imgs/7/e/7e97e050.jpg]
[livedoor.blogimg.jp/kabosu112/imgs/2/9/29600092.jpg]
[livedoor.blogimg.jp/kabosu112/imgs/7/1/7147b8c9.jpg]
[livedoor.blogimg.jp/kabosu112/imgs/b/9/b92febce.jpg]
[livedoor.blogimg.jp/kabosu112/imgs/2/f/2fb62ef8.jpg]
[livedoor.blogimg.jp/kabosu112/imgs/2/4/2414ad39.jpg]
[livedoor.blogimg.jp/kabosu112/imgs/5/d/5d15f91e.jpg]
[livedoor.blogimg.jp/kabosu112/imgs/d/4/d45eb396.jpg]
[livedoor.blogimg.jp/kabosu112/imgs/6/b/6b0239a2.jpg]
[livedoor.blogimg.jp/kabosu112/imgs/9/3/9370d503.jpg]
[livedoor.blogimg.jp/kabosu112/imgs/7/6/76d6d237.jpg]
[livedoor.blogimg.jp/kabosu112/imgs/1/2/1264d1e3.png]
[livedoor.blogimg.jp/kabosu112/imgs/0/e/0ec93a9f.png]
[livedoor.blogimg.jp/kabosu112/imgs/3/0/30ccdc04.jpg]
[livedoor.blogimg.jp/kabosu112/imgs/8/8/880e6052.jpg]
[livedoor.blogimg.jp/kabosu112/imgs/b/2/b25f7c1a.jpg]
[livedoor.blogimg.jp/kabosu112/imgs/3/3/33374ba2.jpg]
[livedoor.blogimg.jp/kabosu112/imgs/9/a/9a8fefd2.jpg]
[livedoor.blogimg.jp/kabosu112/imgs/5/e/5e13d354.jpg]
[livedoor.blogimg.jp/kabosu112/imgs/8/b/8b16794b.jpg]
[livedoor.blogimg.jp/kabosu112/imgs/8/b/8b84c13e.jpg]
[livedoor.blogimg.jp/kabosu112/imgs/d/6/d6a3d31a.jpg]
[livedoor.blogimg.jp/kabosu112/imgs/d/6/d6b612b2.jpg]
[livedoor.blogimg.jp/kabosu112/imgs/e/6/e66e9aff.jpg]
[livedoor.blogimg.jp/kabosu112/imgs/1/a/1abf5a19.jpg]
[livedoor.blogimg.jp/kabosu112/imgs/5/b/5ba2c9a4.jpg]
[livedoor.blogimg.jp/kabosu112/imgs/3/a/3a2516bd.jpg]
[livedoor.blogimg.jp/kabosu112/imgs/3/5/35507144.jpg]
[livedoor.blogimg.jp/kabosu112/imgs/f/9/f9672437.jpg]
[livedoor.blogimg.jp/kabosu112/imgs/e/c/ece96b95.jpg]
[livedoor.blogimg.jp/kabosu112/imgs/7/1/71ae7574.jpg]
[livedoor.blogimg.jp/kabosu112/imgs/8/a/8aa5c9fe.jpg]
[livedoor.blogimg.jp/kabosu112/imgs/1/5/15f4ed4c.jpg]
[livedoor.blogimg.jp/kabosu112/imgs/5/7/5766b258.jpg]
[livedoor.blogimg.jp/kabosu112/imgs/5/7/5766b258-s.jpg]
[livedoor.blogimg.jp/kabosu112/imgs/a/c/ac15389d.jpg]
[livedoor.blogimg.jp/kabosu112/imgs/c/b/cb627aa5.jpg]
[livedoor.blogimg.jp/kabosu112/imgs/c/b/cb627aa5-s.jpg]
[livedoor.blogimg.jp/kabosu112/imgs/6/7/67f31417.jpg]
[livedoor.blogimg.jp/kabosu112/imgs/6/7/67f31417-s.jpg]
[livedoor.blogimg.jp/kabosu112/imgs/7/4/746e7d74.jpg]
[livedoor.blogimg.jp/kabosu112/imgs/9/e/9e68b770.jpg]
[livedoor.blogimg.jp/kabosu112/imgs/d/b/dbbb351e.jpg]
[livedoor.blogimg.jp/kabosu112/imgs/3/6/366e14bd.jpg]
[livedoor.blogimg.jp/kabosu112/imgs/b/5/b59c35a7.jpg]
[livedoor.blogimg.jp/kabosu112/imgs/2/a/2a61fada.jpg]
[kabochan.blog.jp/archives/11082791.html]
[kabochan.blog.jp/archives/11103425.html]
[livedoor.blogimg.jp/kabosu112/imgs/f/4/f4de1393.jpg]
[parts.blog.livedoor.jp/img/emoji/3/ic_b_heart.png]
[livedoor.blogimg.jp/kabosu112/imgs/b/e/be06b6ec.jpg]
[kabochan.blog.jp/archives/9770554.html]
[kabochan.blog.jp/archives/11094514.html]
[livedoor.blogimg.jp/kabosu112/imgs/c/6/c623e86c.png]
[livedoor.blogimg.jp/kabosu112/imgs/c/6/c623e86c-s.png]
[kabochan.blog.jp/archives/9770555.html]
[parts.blog.livedoor.jp/img/usr/cmn/btn_add_x.html]
[kabochan.blog.jp/archives/cat_315740.xml]
[kabochan.blog.jp/archives/cat_315740905b.html]
[livedoor.blogimg.jp/kabosu112/imgs/5/b/5b0e40f7-s.jpg]
[livedoor.blogimg.jp/kabosu112/imgs/7/b/7b40de7c-s.jpg]
[kabochan.blog.jp/archives/52632564.html]
[livedoor.blogimg.jp/kabosu112/imgs/c/0/c0093b87-s.jpg]
[kabochan.blog.jp/archives/52600167.html]
[livedoor.blogimg.jp/kabosu112/imgs/8/8/88a89e24-s.jpg]
[kabochan.blog.jp/archives/52556751.html]
[livedoor.blogimg.jp/kabosu112/imgs/d/f/df3ad89c-s.jpg]
[livedoor.blogimg.jp/kabosu112/imgs/0/2/028937d8-s.jpg]
[kabochan.blog.jp/archives/52528503.html]
[livedoor.blogimg.jp/kabosu112/imgs/7/1/71f1b4c4-s.jpg]
[kabochan.blog.jp/archives/52509036.html]
[kabochan.blog.jp/archives/52496085.html]
[livedoor.blogimg.jp/kabosu112/imgs/3/0/3013a02b-s.jpg]
[kabochan.blog.jp/archives/52415491.html]
[livedoor.blogimg.jp/kabosu112/imgs/6/f/6f675e01-s.jpg]
[kabochan.blog.jp/archives/52406899.html]
[livedoor.blogimg.jp/kabosu112/imgs/5/e/5e2ba871-s.jpg]
[kabochan.blog.jp/archives/52394147.html]
[livedoor.blogimg.jp/kabosu112/imgs/9/7/97e79788-s.jpg]
[kabochan.blog.jp/archives/52381017.html]
[livedoor.blogimg.jp/kabosu112/imgs/d/f/df8b79e5-s.jpg]
[kabochan.blog.jp/archives/52304031.html]
[livedoor.blogimg.jp/kabosu112/imgs/2/a/2ad9ae93-s.jpg]
[kabochan.blog.jp/archives/52293532.html]
[livedoor.blogimg.jp/kabosu112/imgs/b/0/b069b460-s.jpg]
[kabochan.blog.jp/archives/52268776.html]
[livedoor.blogimg.jp/kabosu112/imgs/a/9/a969c8f9-s.jpg]
[kabochan.blog.jp/archives/52142331.html]
[livedoor.blogimg.jp/kabosu112/imgs/d/d/dd2d0468-s.jpg]
[kabochan.blog.jp/archives/52122908.html]
[livedoor.blogimg.jp/kabosu112/imgs/9/4/945d4566-s.jpg]
[kabochan.blog.jp/archives/52090374.html]
[livedoor.blogimg.jp/kabosu112/imgs/9/7/97eb9a23-s.jpg]
[kabochan.blog.jp/archives/52009939.html]
[livedoor.blogimg.jp/kabosu112/imgs/e/c/ec08067e-s.jpg]
[kabochan.blog.jp/archives/51998787.html]
[livedoor.blogimg.jp/kabosu112/imgs/8/b/8b6a0e03-s.jpg]
[kabochan.blog.jp/archives/51985711.html]
[livedoor.blogimg.jp/kabosu112/imgs/2/1/21e715b0-s.jpg]
[kabochan.blog.jp/archives/51971445.html]
[livedoor.blogimg.jp/kabosu112/imgs/f/d/fd239c14-s.jpg]
[kabochan.blog.jp/archives/51901070.html]
[livedoor.blogimg.jp/kabosu112/imgs/c/0/c0f94a6b-s.jpg]
[kabochan.blog.jp/archives/51814674.html]
[livedoor.blogimg.jp/kabosu112/imgs/f/2/f2f01e91-s.jpg]
[kabochan.blog.jp/archives/51774063.html]
[livedoor.blogimg.jp/kabosu112/imgs/f/f/ffa0d059-s.jpg]
[kabochan.blog.jp/archives/cat_3157402207.html]
[kabochan.blog.jp/archives/cat_3157405c7e.html]
[kabochan.blog.jp/archives/cat_315740c471.html]
[kabochan.blog.jp/archives/cat_315740.html]
[kabochan.blog.jp/archives/cat_315740e839.html]
[livedoor.blogimg.jp/kabosu112/imgs/7/b/7b40de7c.jpg]
[livedoor.blogimg.jp/kabosu112/imgs/a/f/af67979d.jpg]
[livedoor.blogimg.jp/kabosu112/imgs/a/f/af67979d-s.jpg]
[livedoor.blogimg.jp/kabosu112/imgs/b/0/b0bea30f.jpg]
[livedoor.blogimg.jp/kabosu112/imgs/b/0/b0bea30f-s.jpg]
[member.livedoor.com/icon_img/kabosu112_60.gif]
[kabochan.blog.jp/archives/52693639.html]
[parts.blog.livedoor.jp/img/usr/default_2012/common/icon_facemark.html]
[kabochan.blog.jp/archives/52682921.html]
[kabochan.blog.jp/archives/52673316.html]
[kabochan.blog.jp/archives/cat_315733.xml]
[kabochan.blog.jp/archives/cat_315733905b.html]
[kabochan.blog.jp/archives/52573929.html]
[livedoor.blogimg.jp/kabosu112/imgs/4/4/44c6f04e-s.jpg]
[kabochan.blog.jp/archives/51978931.html]
[livedoor.blogimg.jp/kabosu112/imgs/1/6/161be6d9-s.jpg]
[kabochan.blog.jp/archives/51951226.html]
[livedoor.blogimg.jp/kabosu112/imgs/2/0/20bdbf5c-s.jpg]
[kabochan.blog.jp/archives/51825100.html]
[livedoor.blogimg.jp/kabosu112/imgs/3/c/3c5c2c14-s.jpg]
[kabochan.blog.jp/archives/51937860.html]
[livedoor.blogimg.jp/kabosu112/imgs/0/2/0232881e-s.jpg]
[kabochan.blog.jp/archives/51928223.html]
[livedoor.blogimg.jp/kabosu112/imgs/b/b/bb28c680-s.jpg]
[kabochan.blog.jp/archives/51919595.html]
[livedoor.blogimg.jp/kabosu112/imgs/c/7/c72d03de-s.jpg]
[kabochan.blog.jp/archives/51913061.html]
[livedoor.blogimg.jp/kabosu112/imgs/0/f/0fa363c0-s.jpg]
[kabochan.blog.jp/archives/51900158.html]
[livedoor.blogimg.jp/kabosu112/imgs/b/a/ba3cf95d-s.jpg]
[kabochan.blog.jp/archives/51885557.html]
[livedoor.blogimg.jp/kabosu112/imgs/4/4/44aa2b3d-s.jpg]
[kabochan.blog.jp/archives/51865186.html]
[livedoor.blogimg.jp/kabosu112/imgs/7/6/763dcdb9-s.jpg]
[kabochan.blog.jp/archives/51831907.html]
[livedoor.blogimg.jp/kabosu112/imgs/8/4/84fdd0f8-s.jpg]
[kabochan.blog.jp/archives/50789249.html]
[livedoor.blogimg.jp/kabosu112/imgs/f/9/f9598492-s.jpg]
[kabochan.blog.jp/archives/50123270.html]
[livedoor.blogimg.jp/kabosu112/imgs/c/9/c99101bc-s.jpg]
[kabochan.blog.jp/archives/50049180.html]
[livedoor.blogimg.jp/kabosu112/imgs/b/c/bc69be7d-s.jpg]
[kabochan.blog.jp/archives/49676330.html]
[livedoor.blogimg.jp/kabosu112/imgs/1/4/142f40b4-s.jpg]
[kabochan.blog.jp/archives/49649671.html]
[livedoor.blogimg.jp/kabosu112/imgs/7/0/704edeeb-s.jpg]
[kabochan.blog.jp/archives/49636216.html]
[livedoor.blogimg.jp/kabosu112/imgs/3/5/3535e702-s.jpg]
[kabochan.blog.jp/archives/49211527.html]
[livedoor.blogimg.jp/kabosu112/imgs/f/7/f75095d4-s.jpg]
[kabochan.blog.jp/archives/49340581.html]
[livedoor.blogimg.jp/kabosu112/imgs/5/d/5db4f271-s.jpg]
[kabochan.blog.jp/archives/49319479.html]
[livedoor.blogimg.jp/kabosu112/imgs/2/4/24c7625f-s.jpg]
[kabochan.blog.jp/archives/49285064.html]
[livedoor.blogimg.jp/kabosu112/imgs/6/d/6d82cf8d.jpg]
[kabochan.blog.jp/archives/49275955.html]
[livedoor.blogimg.jp/kabosu112/imgs/c/6/c6027d43-s.jpg]
[kabochan.blog.jp/archives/49208405.html]
[livedoor.blogimg.jp/kabosu112/imgs/9/4/94770b3b-s.jpg]
[kabochan.blog.jp/archives/48861408.html]
[livedoor.blogimg.jp/kabosu112/imgs/7/5/7510071d-s.jpg]
[kabochan.blog.jp/archives/cat_315733.html]
[kabochan.blog.jp/archives/cat_3157332207.html]
[kabochan.blog.jp/archives/cat_315757.xml]
[kabochan.blog.jp/archives/cat_315757905b.html]
[kabochan.blog.jp/archives/49783105.html]
[livedoor.blogimg.jp/kabosu112/imgs/6/e/6e4f7ea0.jpg]
[kabochan.blog.jp/archives/47172038.html]
[livedoor.blogimg.jp/kabosu112/imgs/0/3/03f934ae-s.jpg]
[kabochan.blog.jp/archives/46692982.html]
[kabochan.blog.jp/archives/46501763.html]
[livedoor.blogimg.jp/kabosu112/imgs/c/d/cd7b26db.jpg]
[kabochan.blog.jp/archives/46437790.html]
[livedoor.blogimg.jp/kabosu112/imgs/5/1/51f0d1d5-s.jpg]
[kabochan.blog.jp/archives/45028421.html]
[livedoor.blogimg.jp/kabosu112/imgs/2/a/2affd8a1-s.jpg]
[kabochan.blog.jp/archives/44719488.html]
[livedoor.blogimg.jp/kabosu112/imgs/5/5/554763d3-s.jpg]
[kabochan.blog.jp/archives/44196131.html]
[livedoor.blogimg.jp/kabosu112/imgs/1/8/187b1d1f-s.jpg]
[kabochan.blog.jp/archives/43850102.html]
[livedoor.blogimg.jp/kabosu112/imgs/6/0/6090b74a-s.jpg]
[kabochan.blog.jp/archives/43347212.html]
[livedoor.blogimg.jp/kabosu112/imgs/c/4/c4b36081.jpg]
[kabochan.blog.jp/archives/42860114.html]
[livedoor.blogimg.jp/kabosu112/imgs/c/f/cfa1adfd-s.jpg]
[kabochan.blog.jp/archives/42816334.html]
[livedoor.blogimg.jp/kabosu112/imgs/a/9/a9c2f15d.jpg]
[kabochan.blog.jp/archives/42481808.html]
[livedoor.blogimg.jp/kabosu112/imgs/4/7/47c7807b-s.jpg]
[kabochan.blog.jp/archives/42185518.html]
[livedoor.blogimg.jp/kabosu112/imgs/d/3/d3ebfc88-s.jpg]
[kabochan.blog.jp/archives/41373818.html]
[livedoor.blogimg.jp/kabosu112/imgs/6/5/65887c39.jpg]
[kabochan.blog.jp/archives/41231359.html]
[livedoor.blogimg.jp/kabosu112/imgs/c/8/c87beac3.jpg]
[kabochan.blog.jp/archives/41209980.html]
[livedoor.blogimg.jp/kabosu112/imgs/8/8/8837a54f-s.jpg]
[kabochan.blog.jp/archives/40949572.html]
[livedoor.blogimg.jp/kabosu112/imgs/6/d/6dec7697.jpg]
[kabochan.blog.jp/archives/40881464.html]
[livedoor.blogimg.jp/kabosu112/imgs/f/0/f06896df.jpg]
[kabochan.blog.jp/archives/40696653.html]
[livedoor.blogimg.jp/kabosu112/imgs/6/9/6996c65b-s.jpg]
[kabochan.blog.jp/archives/40294012.html]
[livedoor.blogimg.jp/kabosu112/imgs/1/b/1bc27a48.jpg]
[kabochan.blog.jp/archives/39697701.html]
[livedoor.blogimg.jp/kabosu112/imgs/8/7/878d0c64-s.jpg]
[kabochan.blog.jp/archives/39396664.html]
[livedoor.blogimg.jp/kabosu112/imgs/8/d/8d81bf1c-s.jpg]
[kabochan.blog.jp/archives/39175453.html]
[livedoor.blogimg.jp/kabosu112/imgs/b/d/bdca571f-s.jpg]
[livedoor.blogimg.jp/kabosu112/imgs/f/f/ff198eae-s.jpg]
[kabochan.blog.jp/archives/38590806.html]
[kabochan.blog.jp/archives/cat_3157572207.html]
[kabochan.blog.jp/archives/cat_3157575c7e.html]
[kabochan.blog.jp/archives/cat_315757c471.html]
[kabochan.blog.jp/archives/cat_315757.html]
[kabochan.blog.jp/archives/cat_31575742dc.html]
[kabochan.blog.jp/archives/cat_315761.xml]
[kabochan.blog.jp/archives/9748574.html]
[livedoor.blogimg.jp/kabosu112/imgs/0/1/01236d59.jpg]
[kabochan.blog.jp/archives/9748560.html]
[livedoor.blogimg.jp/kabosu112/imgs/7/9/794ca8a6-s.jpg]
[kabochan.blog.jp/archives/9748559.html]
[livedoor.blogimg.jp/kabosu112/imgs/8/1/8129322b-s.jpg]
[kabochan.blog.jp/archives/9748549.html]
[livedoor.blogimg.jp/kabosu112/imgs/e/2/e2803877.jpg]
[kabochan.blog.jp/archives/9748544.html]
[livedoor.blogimg.jp/kabosu112/imgs/a/7/a75bf39b-s.jpg]
[kabochan.blog.jp/archives/9748543.html]
[livedoor.blogimg.jp/kabosu112/imgs/5/d/5dd20504.jpg]
[kabochan.blog.jp/archives/9734224.html]
[livedoor.blogimg.jp/kabosu112/imgs/6/f/6f7e13cf-s.jpg]
[kabochan.blog.jp/archives/9734145.html]
[livedoor.blogimg.jp/kabosu112/imgs/f/e/fed8dcd9-s.jpg]
[kabochan.blog.jp/archives/cat_315761.html]
[kabochan.blog.jp/archives/cat_316035.xml]
[kabochan.blog.jp/archives/cat_316035905b.html]
[kabochan.blog.jp/archives/48791768.html]
[livedoor.blogimg.jp/kabosu112/imgs/2/9/29203cbb-s.jpg]
[kabochan.blog.jp/archives/47351507.html]
[livedoor.blogimg.jp/kabosu112/imgs/5/6/567ade32-s.jpg]
[kabochan.blog.jp/archives/47279281.html]
[livedoor.blogimg.jp/kabosu112/imgs/6/a/6a1f932e-s.jpg]
[kabochan.blog.jp/archives/47204776.html]
[livedoor.blogimg.jp/kabosu112/imgs/8/2/82e32ddf-s.jpg]
[kabochan.blog.jp/archives/47163156.html]
[livedoor.blogimg.jp/kabosu112/imgs/3/1/314d7fec-s.jpg]
[kabochan.blog.jp/archives/47044397.html]
[livedoor.blogimg.jp/kabosu112/imgs/d/2/d2996282-s.jpg]
[kabochan.blog.jp/archives/47013849.html]
[livedoor.blogimg.jp/kabosu112/imgs/f/a/fa1f2f99.jpg]
[kabochan.blog.jp/archives/47002987.html]
[livedoor.blogimg.jp/kabosu112/imgs/f/4/f49f550c-s.jpg]
[kabochan.blog.jp/archives/46965847.html]
[livedoor.blogimg.jp/kabosu112/imgs/1/4/1456732f.jpg]
[kabochan.blog.jp/archives/46813288.html]
[livedoor.blogimg.jp/kabosu112/imgs/9/a/9a3a624d.jpg]
[kabochan.blog.jp/archives/46791647.html]
[livedoor.blogimg.jp/kabosu112/imgs/d/1/d102a447.jpg]
[kabochan.blog.jp/archives/46756009.html]
[livedoor.blogimg.jp/kabosu112/imgs/1/3/13b86dab-s.jpg]
[kabochan.blog.jp/archives/46744585.html]
[livedoor.blogimg.jp/kabosu112/imgs/a/7/a7ee7f84-s.jpg]
[kabochan.blog.jp/archives/46683856.html]
[livedoor.blogimg.jp/kabosu112/imgs/7/a/7abf6453.jpg]
[kabochan.blog.jp/archives/46681401.html]
[livedoor.blogimg.jp/kabosu112/imgs/8/b/8be3c15a.png]
[kabochan.blog.jp/archives/46546284.html]
[livedoor.blogimg.jp/kabosu112/imgs/6/1/61021a85.jpg]
[kabochan.blog.jp/archives/46458113.html]
[livedoor.blogimg.jp/kabosu112/imgs/5/f/5fa19c23.jpg]
[kabochan.blog.jp/archives/46417768.html]
[livedoor.blogimg.jp/kabosu112/imgs/a/a/aa0a184b.jpg]
[kabochan.blog.jp/archives/46238547.html]
[livedoor.blogimg.jp/kabosu112/imgs/2/9/2972d4e2-s.jpg]
[kabochan.blog.jp/archives/46201902.html]
[livedoor.blogimg.jp/kabosu112/imgs/0/4/0491b90d-s.jpg]
[kabochan.blog.jp/archives/45772744.html]
[livedoor.blogimg.jp/kabosu112/imgs/2/0/20e3c876.jpg]
[kabochan.blog.jp/archives/45677902.html]
[livedoor.blogimg.jp/kabosu112/imgs/5/6/56c2a833.jpg]
[kabochan.blog.jp/archives/45664027.html]
[livedoor.blogimg.jp/kabosu112/imgs/3/9/394ba9d6.jpg]
[kabochan.blog.jp/archives/45634740.html]
[livedoor.blogimg.jp/kabosu112/imgs/e/7/e7b9748d.jpg]
[kabochan.blog.jp/archives/44618444.html]
[livedoor.blogimg.jp/kabosu112/imgs/9/3/9341e9fa-s.jpg]
[kabochan.blog.jp/archives/cat_3160352207.html]
[kabochan.blog.jp/archives/cat_3160355c7e.html]
[kabochan.blog.jp/archives/cat_316035c471.html]
[kabochan.blog.jp/archives/cat_316035.html]
[kabochan.blog.jp/archives/cat_316035678b.html]
[kabochan.blog.jp/archives/cat_499476.xml]
[kabochan.blog.jp/archives/cat_499476905b.html]
[kabochan.blog.jp/archives/47799928.html]
[livedoor.blogimg.jp/kabosu112/imgs/e/2/e2e49f27-s.jpg]
[kabochan.blog.jp/archives/47534394.html]
[livedoor.blogimg.jp/kabosu112/imgs/3/a/3a0efc5b-s.jpg]
[kabochan.blog.jp/archives/47248534.html]
[livedoor.blogimg.jp/kabosu112/imgs/b/a/ba53be80-s.jpg]
[kabochan.blog.jp/archives/46614078.html]
[livedoor.blogimg.jp/kabosu112/imgs/d/6/d6ab9462-s.jpg]
[kabochan.blog.jp/archives/46561390.html]
[livedoor.blogimg.jp/kabosu112/imgs/7/2/72a4270a-s.jpg]
[kabochan.blog.jp/archives/46548203.html]
[livedoor.blogimg.jp/kabosu112/imgs/3/4/34d141ce-s.jpg]
[kabochan.blog.jp/archives/46529301.html]
[livedoor.blogimg.jp/kabosu112/imgs/a/c/ac954317.jpg]
[kabochan.blog.jp/archives/46529243.html]
[livedoor.blogimg.jp/kabosu112/imgs/3/2/3254698a-s.jpg]
[kabochan.blog.jp/archives/46487123.html]
[livedoor.blogimg.jp/kabosu112/imgs/3/4/34d24d8a.jpg]
[kabochan.blog.jp/archives/46437698.html]
[livedoor.blogimg.jp/kabosu112/imgs/1/5/15c6495a-s.jpg]
[kabochan.blog.jp/archives/45065873.html]
[livedoor.blogimg.jp/kabosu112/imgs/6/d/6dde8072-s.jpg]
[kabochan.blog.jp/archives/44867156.html]
[livedoor.blogimg.jp/kabosu112/imgs/2/1/216bbbb2.jpg]
[kabochan.blog.jp/archives/44677435.html]
[livedoor.blogimg.jp/kabosu112/imgs/9/5/95654896-s.jpg]
[kabochan.blog.jp/archives/44518984.html]
[livedoor.blogimg.jp/kabosu112/imgs/2/2/224ad3b8.jpg]
[kabochan.blog.jp/archives/44317200.html]
[livedoor.blogimg.jp/kabosu112/imgs/f/7/f75362be-s.jpg]
[kabochan.blog.jp/archives/43889781.html]
[livedoor.blogimg.jp/kabosu112/imgs/1/5/15defdc7-s.jpg]
[kabochan.blog.jp/archives/43868548.html]
[livedoor.blogimg.jp/kabosu112/imgs/7/e/7eae8f80.jpg]
[kabochan.blog.jp/archives/43857405.html]
[livedoor.blogimg.jp/kabosu112/imgs/d/c/dc1d5c8d.jpg]
[kabochan.blog.jp/archives/43629970.html]
[livedoor.blogimg.jp/kabosu112/imgs/8/9/89ef99b2-s.jpg]
[kabochan.blog.jp/archives/43292216.html]
[livedoor.blogimg.jp/kabosu112/imgs/1/b/1b792a33.jpg]
[kabochan.blog.jp/archives/42985510.html]
[livedoor.blogimg.jp/kabosu112/imgs/a/2/a2c7b9fa-s.jpg]
[kabochan.blog.jp/archives/42977806.html]
[livedoor.blogimg.jp/kabosu112/imgs/d/e/debdc13a.jpg]
[kabochan.blog.jp/archives/42922616.html]
[livedoor.blogimg.jp/kabosu112/imgs/9/0/90768019-s.jpg]
[kabochan.blog.jp/archives/42914457.html]
[livedoor.blogimg.jp/kabosu112/imgs/3/4/34d187a8.jpg]
[kabochan.blog.jp/archives/42869704.html]
[livedoor.blogimg.jp/kabosu112/imgs/c/7/c7c6268d.jpg]
[kabochan.blog.jp/archives/cat_4994762207.html]
[kabochan.blog.jp/archives/cat_499476.html]
[kabochan.blog.jp/archives/cat_4994765c7e.html]
[kabochan.blog.jp/archives/cat_545683.xml]
[livedoor.blogimg.jp/kabosu112/imgs/b/4/b408a622-s.jpg]
[kabochan.blog.jp/archives/52544796.html]
[kabochan.blog.jp/archives/52522674.html]
[livedoor.blogimg.jp/kabosu112/imgs/d/6/d6de613b-s.jpg]
[kabochan.blog.jp/archives/52386375.html]
[livedoor.blogimg.jp/kabosu112/imgs/c/4/c47cd459-s.jpg]
[kabochan.blog.jp/archives/52352245.html]
[livedoor.blogimg.jp/kabosu112/imgs/b/f/bf8372fb-s.jpg]
[kabochan.blog.jp/archives/52342696.html]
[livedoor.blogimg.jp/kabosu112/imgs/6/0/60c4b6d5-s.jpg]
[kabochan.blog.jp/archives/52328206.html]
[livedoor.blogimg.jp/kabosu112/imgs/9/6/96b9d590-s.jpg]
[kabochan.blog.jp/archives/52318470.html]
[livedoor.blogimg.jp/kabosu112/imgs/1/7/1773ec65-s.jpg]
[kabochan.blog.jp/archives/52296950.html]
[livedoor.blogimg.jp/kabosu112/imgs/4/0/40e6ecdb-s.jpg]
[kabochan.blog.jp/archives/52278651.html]
[livedoor.blogimg.jp/kabosu112/imgs/f/8/f8d1734c-s.jpg]
[kabochan.blog.jp/archives/52273247.html]
[livedoor.blogimg.jp/kabosu112/imgs/c/d/cda723b3-s.jpg]
[kabochan.blog.jp/archives/52256433.html]
[livedoor.blogimg.jp/kabosu112/imgs/4/e/4e334c65-s.jpg]
[kabochan.blog.jp/archives/52250658.html]
[livedoor.blogimg.jp/kabosu112/imgs/a/1/a1780d61-s.jpg]
[kabochan.blog.jp/archives/cat_545683.html]
[kabochan.blog.jp/archives/cat_315738.xml]
[kabochan.blog.jp/archives/cat_315738905b.html]
[kabochan.blog.jp/archives/52386391.html]
[livedoor.blogimg.jp/kabosu112/imgs/8/a/8a4c6b5f-s.jpg]
[kabochan.blog.jp/archives/52211454.html]
[livedoor.blogimg.jp/kabosu112/imgs/e/d/ed09bb0a.jpg]
[kabochan.blog.jp/archives/52142234.html]
[livedoor.blogimg.jp/kabosu112/imgs/f/6/f691313b-s.jpg]
[kabochan.blog.jp/archives/50930446.html]
[livedoor.blogimg.jp/kabosu112/imgs/9/9/998139a5-s.jpg]
[kabochan.blog.jp/archives/50068194.html]
[livedoor.blogimg.jp/kabosu112/imgs/f/4/f4823173.jpg]
[kabochan.blog.jp/archives/49870820.html]
[livedoor.blogimg.jp/kabosu112/imgs/6/1/61f614ab-s.jpg]
[kabochan.blog.jp/archives/48979515.html]
[livedoor.blogimg.jp/kabosu112/imgs/8/7/8775c847-s.jpg]
[kabochan.blog.jp/archives/48620303.html]
[livedoor.blogimg.jp/kabosu112/imgs/e/a/ea3f5413-s.jpg]
[kabochan.blog.jp/archives/46633755.html]
[livedoor.blogimg.jp/kabosu112/imgs/f/6/f6057924-s.jpg]
[kabochan.blog.jp/archives/46509561.html]
[livedoor.blogimg.jp/kabosu112/imgs/b/7/b7033116-s.jpg]
[kabochan.blog.jp/archives/46124184.html]
[livedoor.blogimg.jp/kabosu112/imgs/9/a/9a9f0740-s.jpg]
[kabochan.blog.jp/archives/45542203.html]
[livedoor.blogimg.jp/kabosu112/imgs/1/7/172e82ae-s.jpg]
[kabochan.blog.jp/archives/45302143.html]
[livedoor.blogimg.jp/kabosu112/imgs/2/5/25c3d111-s.jpg]
[kabochan.blog.jp/archives/44949824.html]
[livedoor.blogimg.jp/kabosu112/imgs/a/d/adf6b53b-s.jpg]
[kabochan.blog.jp/archives/44874340.html]
[livedoor.blogimg.jp/kabosu112/imgs/9/8/985d66fd-s.jpg]
[kabochan.blog.jp/archives/44478156.html]
[livedoor.blogimg.jp/kabosu112/imgs/2/f/2f4d7adf.jpg]
[kabochan.blog.jp/archives/44254684.html]
[livedoor.blogimg.jp/kabosu112/imgs/e/d/ed91a9de-s.jpg]
[kabochan.blog.jp/archives/44101182.html]
[livedoor.blogimg.jp/kabosu112/imgs/7/b/7b546bce-s.jpg]
[kabochan.blog.jp/archives/44024334.html]
[livedoor.blogimg.jp/kabosu112/imgs/5/1/515e9ad5-s.jpg]
[kabochan.blog.jp/archives/43937588.html]
[livedoor.blogimg.jp/kabosu112/imgs/c/8/c83d6a90-s.jpg]
[kabochan.blog.jp/archives/43690512.html]
[livedoor.blogimg.jp/kabosu112/imgs/9/a/9a12b722-s.jpg]
[kabochan.blog.jp/archives/43637692.html]
[livedoor.blogimg.jp/kabosu112/imgs/5/8/588c2cc9.png]
[kabochan.blog.jp/archives/43614844.html]
[livedoor.blogimg.jp/kabosu112/imgs/a/6/a6bdefdb.jpg]
[kabochan.blog.jp/archives/43479615.html]
[livedoor.blogimg.jp/kabosu112/imgs/8/9/890e2662-s.jpg]
[kabochan.blog.jp/archives/43393494.html]
[livedoor.blogimg.jp/kabosu112/imgs/f/6/f6fecfd2.jpg]
[kabochan.blog.jp/archives/cat_3157382207.html]
[kabochan.blog.jp/archives/cat_3157385c7e.html]
[kabochan.blog.jp/archives/cat_315738c471.html]
[kabochan.blog.jp/archives/cat_315738.html]
[kabochan.blog.jp/archives/cat_3157382cf9.html]
[kabochan.blog.jp/archives/cat_315748.xml]
[kabochan.blog.jp/archives/cat_315748905b.html]
[kabochan.blog.jp/archives/49174248.html]
[livedoor.blogimg.jp/kabosu112/imgs/7/1/71dabd89-s.jpg]
[kabochan.blog.jp/archives/47909316.html]
[livedoor.blogimg.jp/kabosu112/imgs/f/1/f1800bd8-s.jpg]
[kabochan.blog.jp/archives/46561186.html]
[livedoor.blogimg.jp/kabosu112/imgs/5/6/56ed57e6.jpg]
[kabochan.blog.jp/archives/38643249.html]
[livedoor.blogimg.jp/kabosu112/imgs/8/8/88e3bc75-s.jpg]
[kabochan.blog.jp/archives/38632397.html]
[livedoor.blogimg.jp/kabosu112/imgs/8/a/8a35f78d.jpg]
[kabochan.blog.jp/archives/38623488.html]
[livedoor.blogimg.jp/kabosu112/imgs/1/5/1559a427-s.jpg]
[kabochan.blog.jp/archives/35390147.html]
[livedoor.blogimg.jp/kabosu112/imgs/4/d/4dcf0765-s.jpg]
[kabochan.blog.jp/archives/34841443.html]
[livedoor.blogimg.jp/kabosu112/imgs/5/7/57ca364c-s.jpg]
[kabochan.blog.jp/archives/34620201.html]
[livedoor.blogimg.jp/kabosu112/imgs/4/a/4a62e078-s.jpg]
[kabochan.blog.jp/archives/32110494.html]
[livedoor.blogimg.jp/kabosu112/imgs/3/d/3d6c9a42.jpg]
[kabochan.blog.jp/archives/32110093.html]
[livedoor.blogimg.jp/kabosu112/imgs/6/2/62b3f668.jpg]
[kabochan.blog.jp/archives/32099801.html]
[livedoor.blogimg.jp/kabosu112/imgs/5/9/59aafcca.jpg]
[kabochan.blog.jp/archives/22803585.html]
[livedoor.blogimg.jp/kabosu112/imgs/3/d/3ded78f2.jpg]
[kabochan.blog.jp/archives/21317177.html]
[livedoor.blogimg.jp/kabosu112/imgs/3/e/3e05a978.jpg]
[kabochan.blog.jp/archives/9770837.html]
[livedoor.blogimg.jp/kabosu112/imgs/6/3/630c76bd-s.jpg]
[kabochan.blog.jp/archives/9770832.html]
[livedoor.blogimg.jp/kabosu112/imgs/e/0/e0799ecf.jpg]
[kabochan.blog.jp/archives/9770831.html]
[livedoor.blogimg.jp/kabosu112/imgs/0/6/06e2a238-s.jpg]
[kabochan.blog.jp/archives/9770829.html]
[livedoor.blogimg.jp/kabosu112/imgs/f/0/f009ca1a.jpg]
[kabochan.blog.jp/archives/9770828.html]
[livedoor.blogimg.jp/kabosu112/imgs/c/8/c8c8601b.jpg]
[kabochan.blog.jp/archives/9770784.html]
[livedoor.blogimg.jp/kabosu112/imgs/5/d/5d7e76c6-s.jpg]
[kabochan.blog.jp/archives/9770783.html]
[livedoor.blogimg.jp/kabosu112/imgs/9/f/9f5b27ea-s.jpg]
[livedoor.blogimg.jp/kabosu112/imgs/e/d/ed1c29d5-s.jpg]
[kabochan.blog.jp/archives/9770782.html]
[kabochan.blog.jp/archives/9770777.html]
[livedoor.blogimg.jp/kabosu112/imgs/b/9/b9841c0f-s.jpg]
[kabochan.blog.jp/archives/9770776.html]
[livedoor.blogimg.jp/kabosu112/imgs/d/e/de7d19bc-s.jpg]
[kabochan.blog.jp/archives/9770775.html]
[livedoor.blogimg.jp/kabosu112/imgs/9/c/9c0b157d-s.jpg]
[kabochan.blog.jp/archives/cat_3157482207.html]
[kabochan.blog.jp/archives/cat_3157485c7e.html]
[kabochan.blog.jp/archives/cat_315748c471.html]
[kabochan.blog.jp/archives/cat_315748.html]
[kabochan.blog.jp/archives/cat_31574864b4.html]
[kabochan.blog.jp/archives/cat_315741.xml]
[kabochan.blog.jp/archives/cat_315741905b.html]
[kabochan.blog.jp/archives/47690823.html]
[livedoor.blogimg.jp/kabosu112/imgs/f/d/fd0a79b9-s.jpg]
[kabochan.blog.jp/archives/44748807.html]
[livedoor.blogimg.jp/kabosu112/imgs/5/8/58f58b63.jpg]
[kabochan.blog.jp/archives/43037120.html]
[livedoor.blogimg.jp/kabosu112/imgs/b/a/ba945a01-s.jpg]
[kabochan.blog.jp/archives/40452292.html]
[livedoor.blogimg.jp/kabosu112/imgs/2/7/27e5d9a3.jpg]
[kabochan.blog.jp/archives/40449263.html]
[livedoor.blogimg.jp/kabosu112/imgs/b/1/b12e8440.jpg]
[kabochan.blog.jp/archives/37361550.html]
[livedoor.blogimg.jp/kabosu112/imgs/7/f/7f3b10af-s.jpg]
[kabochan.blog.jp/archives/37131321.html]
[livedoor.blogimg.jp/kabosu112/imgs/c/e/ce79ccb4.jpg]
[kabochan.blog.jp/archives/37016330.html]
[livedoor.blogimg.jp/kabosu112/imgs/8/9/896d3677.jpg]
[kabochan.blog.jp/archives/36956437.html]
[livedoor.blogimg.jp/kabosu112/imgs/4/9/49d685cb-s.jpg]
[kabochan.blog.jp/archives/34106830.html]
[livedoor.blogimg.jp/kabosu112/imgs/2/a/2abd47a7-s.jpg]
[kabochan.blog.jp/archives/33837945.html]
[livedoor.blogimg.jp/kabosu112/imgs/9/6/9669ff4d-s.jpg]
[kabochan.blog.jp/archives/33820760.html]
[livedoor.blogimg.jp/kabosu112/imgs/0/2/025e4f4e.jpg]
[kabochan.blog.jp/archives/33805417.html]
[livedoor.blogimg.jp/kabosu112/imgs/7/5/7541f10e-s.jpg]
[kabochan.blog.jp/archives/32864360.html]
[livedoor.blogimg.jp/kabosu112/imgs/2/d/2df91a00-s.jpg]
[kabochan.blog.jp/archives/32717873.html]
[livedoor.blogimg.jp/kabosu112/imgs/6/6/660d23ae-s.jpg]
[kabochan.blog.jp/archives/31138919.html]
[livedoor.blogimg.jp/kabosu112/imgs/6/c/6cd98bf0-s.jpg]
[kabochan.blog.jp/archives/29820397.html]
[livedoor.blogimg.jp/kabosu112/imgs/b/8/b89dce8e-s.jpg]
[kabochan.blog.jp/archives/27137303.html]
[livedoor.blogimg.jp/kabosu112/imgs/a/b/abdae1f5.jpg]
[kabochan.blog.jp/archives/9770671.html]
[livedoor.blogimg.jp/kabosu112/imgs/6/d/6dd120ac-s.jpg]
[kabochan.blog.jp/archives/9770496.html]
[livedoor.blogimg.jp/kabosu112/imgs/7/d/7d722726.jpg]
[kabochan.blog.jp/archives/9770297.html]
[livedoor.blogimg.jp/kabosu112/imgs/e/b/ebc06163.jpg]
[kabochan.blog.jp/archives/9749414.html]
[livedoor.blogimg.jp/kabosu112/imgs/4/1/41bd16d4-s.jpg]
[kabochan.blog.jp/archives/cat_315741.html]
[kabochan.blog.jp/archives/cat_315742.html]
[kabochan.blog.jp/archives/cat_315743.html]
[kabochan.blog.jp/archives/cat_315744.html]
[kabochan.blog.jp/archives/cat_315747.html]
[kabochan.blog.jp/archives/cat_395451.html]
[kabochan.blog.jp/archives/cat_315750.html]
[kabochan.blog.jp/archives/cat_315753.html]
[kabochan.blog.jp/archives/cat_315744.xml]
[kabochan.blog.jp/archives/cat_482700.html]
[kabochan.blog.jp/archives/cat_315756.html]
[kabochan.blog.jp/archives/cat_315752.html]
[kabochan.blog.jp/archives/cat_315762.html]
[kabochan.blog.jp/archives/cat_315764.html]
[kabochan.blog.jp/archives/cat_316461.html]
[kabochan.blog.jp/archives/cat_362598.html]
[kabochan.blog.jp/archives/cat_417417.html]
[kabochan.blog.jp/archives/cat_438627.html]
[kabochan.blog.jp/archives/cat_447744.html]
[kabochan.blog.jp/archives/cat_462168.html]
[kabochan.blog.jp/archives/cat_315737.html]
[kabochan.blog.jp/archives/cat_386993.html]
[kabochan.blog.jp/archives/cat_483579.html]
[kabochan.blog.jp/archives/cat_487967.html]
[kabochan.blog.jp/archives/cat_506350.html]
[kabochan.blog.jp/archives/cat_508688.html]
[kabochan.blog.jp/archives/cat_512943.html]
[kabochan.blog.jp/archives/cat_516511.html]
[kabochan.blog.jp/archives/cat_524454.html]
[kabochan.blog.jp/archives/cat_525815.html]
[kabochan.blog.jp/archives/cat_315749.html]
[kabochan.blog.jp/archives/cat_315736.html]
[kabochan.blog.jp/archives/cat_504883.html]
